// Jest Snapshot v1, https://goo.gl/fbAQLP

exports[`Loading component renders a snapshot component 1`] = `
<Fragment>
  <img
    src="../../assets/nannyNowLogo.png"
  />
</Fragment>
`;
